// Jest Snapshot v1, https://goo.gl/fbAQLP

exports[`Benefits Banner renders correctly 1`] = `
<RCTScrollView
  contentContainerStyle={
    {
      "gap": 16,
      "paddingVertical": 24,
    }
  }
  data={
    [
      {
        "testUri": "../../../src/assets/banner.png",
      },
      {
        "testUri": "../../../src/assets/banner.png",
      },
      {
        "testUri": "../../../src/assets/banner.png",
      },
      {
        "testUri": "../../../src/assets/banner.png",
      },
    ]
  }
  getItem={[Function]}
  getItemCount={[Function]}
  horizontal={true}
  keyExtractor={[Function]}
  onContentSizeChange={[Function]}
  onLayout={[Function]}
  onMomentumScrollBegin={[Function]}
  onMomentumScrollEnd={[Function]}
  onScroll={[Function]}
  onScrollBeginDrag={[Function]}
  onScrollEndDrag={[Function]}
  removeClippedSubviews={false}
  renderItem={[Function]}
  scrollEventThrottle={50}
  showsHorizontalScrollIndicator={false}
  stickyHeaderIndices={[]}
  viewabilityConfigCallbackPairs={[]}
>
  <View>
    <View
      onFocusCapture={[Function]}
      onLayout={[Function]}
      style={
        [
          {
            "flexDirection": "row",
          },
          null,
        ]
      }
    >
      <Image
        source={
          {
            "testUri": "../../../src/assets/banner.png",
          }
        }
      />
    </View>
    <View
      onFocusCapture={[Function]}
      onLayout={[Function]}
      style={
        [
          {
            "flexDirection": "row",
          },
          null,
        ]
      }
    >
      <Image
        source={
          {
            "testUri": "../../../src/assets/banner.png",
          }
        }
      />
    </View>
    <View
      onFocusCapture={[Function]}
      onLayout={[Function]}
      style={
        [
          {
            "flexDirection": "row",
          },
          null,
        ]
      }
    >
      <Image
        source={
          {
            "testUri": "../../../src/assets/banner.png",
          }
        }
      />
    </View>
    <View
      onFocusCapture={[Function]}
      onLayout={[Function]}
      style={
        [
          {
            "flexDirection": "row",
          },
          null,
        ]
      }
    >
      <Image
        source={
          {
            "testUri": "../../../src/assets/banner.png",
          }
        }
      />
    </View>
  </View>
</RCTScrollView>
`;
